../modules/platform/Src/sub_main.c:129:1:SUB_MAIN	16	static
../modules/platform/Src/sub_main.c:204:1:sub_main_ErrorHandler	8	static
../modules/platform/Src/sub_main.c:211:1:sub_main_InitServices	24	static
../modules/platform/Src/sub_main.c:249:1:sub_main_InitTasks	16	static
../modules/platform/Src/sub_main.c:284:1:HAL_TIM_PeriodElapsedCallback	16	static
../modules/platform/Src/sub_main.c:295:1:HAL_UART_TxCpltCallback	16	static
../modules/platform/Src/sub_main.c:305:1:HAL_UART_RxCpltCallback	16	static
../modules/platform/Src/sub_main.c:316:1:HAL_ADC_ConvCpltCallback	16	static
