../Core/Src/stm32f0xx_it.c:41:6:NMI_Handler	8	static
../Core/Src/stm32f0xx_it.c:51:6:HardFault_Handler	8	static
../Core/Src/stm32f0xx_it.c:61:6:SVC_Handler	8	static
../Core/Src/stm32f0xx_it.c:69:6:PendSV_Handler	8	static
../Core/Src/stm32f0xx_it.c:77:6:SysTick_Handler	8	static
../Core/Src/stm32f0xx_it.c:92:6:EXTI2_3_IRQHandler	8	static
../Core/Src/stm32f0xx_it.c:100:6:EXTI4_15_IRQHandler	8	static
../Core/Src/stm32f0xx_it.c:114:6:DMA1_Ch1_IRQHandler	8	static
../Core/Src/stm32f0xx_it.c:122:6:USART1_IRQHandler	8	static
../Core/Src/stm32f0xx_it.c:131:6:TIM7_IRQHandler	8	static
../Core/Src/stm32f0xx_it.c:141:6:CEC_CAN_IRQHandler	16	static
